Vivado Simulator 2018.2
Time resolution is 1 ps
          0
0000000000000000
00000000
0000000000000000
0000000000000000
00000000
0000000000000000
0000000000000000
fffe0000
0000000000000000
0000000c00000000
00020000
0000000c00000000
fffffff400000000
fff50000
fffffff400000000
          0
0000000000000000
00000000
0000000000000000
0000000000000000
00000000
0000000000000000
0000000000000000
fffe0000
0000000000000000
fffffffd999a0000
fff3999a
fffffffd999a0000
fffffff11ebb47ae
fff21ebb
fffffff11ebb47ae
          0
0000000000000000
00000000
0000000000000000
0000000000000000
00000000
0000000000000000
0000000000000000
fffe0000
0000000000000000
0000000c00000000
00020000
0000000c00000000
fffffff400000000
fff50000
fffffff400000000
          0
0000000000000000
00000000
0000000000000000
0000000000000000
00000000
0000000000000000
0000000000000000
fffe0000
0000000000000000
0000000bcccc0000
0001cccc
0000000bcccc0000
fffffff5614d1eb8
fff6614d
fffffff5614d1eb8
          0
0000000000000000
00000000
0000000000000000
0000000000000000
00000000
0000000000000000
0000000000000000
fffe0000
0000000000000000
0000000b99980000
00019998
0000000b99980000
fffffff6b85c7ae0
fff7b85c
fffffff6b85c7ae0
          0
0000000000000000
00000000
0000000000000000
0000000000000000
00000000
0000000000000000
0000000000000000
fffe0000
0000000000000000
0000000b66640000
00016664
0000000b66640000
fffffff8052e1478
fff9052e
fffffff8052e1478
          0
0000000000000000
00000000
0000000000000000
0000000000000000
00000000
0000000000000000
0000000000000000
fffe0000
0000000000000000
0000000b33300000
00013330
0000000b33300000
fffffff947c1eb80
fffa47c1
fffffff947c1eb80
          0
0000000000000000
00000000
0000000000000000
0000000000000000
00000000
0000000000000000
0000000000000000
fffe0000
0000000000000000
0000000afffc0000
0000fffc
0000000afffc0000
fffffffa8017fff8
fffb8017
fffffffa8017fff8
          0
0000000000000000
00000000
0000000000000000
0000000000000000
00000000
0000000000000000
0000000000000000
fffe0000
0000000000000000
0000000accc80000
0000ccc8
0000000accc80000
fffffffbae3051e0
fffcae30
fffffffbae3051e0
          0
0000000000000000
00000000
0000000000000000
0000000000000000
00000000
0000000000000000
0000000000000000
fffe0000
0000000000000000
0000000a99940000
00009994
0000000a99940000
fffffffcd20ae138
fffdd20a
fffffffcd20ae138
          0
0000000000000000
00000000
0000000000000000
0000000000000000
00000000
0000000000000000
0000000000000000
fffe0000
0000000000000000
0000000a66600000
00006660
0000000a66600000
fffffffdeba7ae00
fffeeba7
fffffffdeba7ae00
          0
0000000000000000
00000000
0000000000000000
0000000000000000
00000000
0000000000000000
0000000000000000
fffe0000
0000000000000000
0000000a332c0000
0000332c
0000000a332c0000
fffffffefb06b838
fffffb06
fffffffefb06b838
          0
0000000000000000
00000000
0000000000000000
0000000000000000
00000000
0000000000000000
0000000000000000
fffe0000
0000000000000000
00000009fff80000
fffffff8
00000009fff80000
000000000027ffe0
00010027
000000000027ffe0
          0
0000000000000000
00000000
0000000000000000
0000000000000000
00000000
0000000000000000
0000000000000000
fffe0000
0000000000000000
00000009ccc40000
ffffccc4
00000009ccc40000
00000000fb0b84f8
0001fb0b
00000000fb0b84f8
          0
0000000000000000
00000000
0000000000000000
0000000000000000
00000000
0000000000000000
0000000000000000
fffe0000
0000000000000000
0000000999900000
ffff9990
0000000999900000
00000001ebb14780
0002ebb1
00000001ebb14780
          0
0000000000000000
00000000
0000000000000000
0000000000000000
00000000
0000000000000000
0000000000000000
fffe0000
0000000000000000
00000009665c0000
ffff665c
00000009665c0000
00000002d2194778
0003d219
00000002d2194778
          0
0000000000000000
00000000
0000000000000000
0000000000000000
00000000
0000000000000000
0000000000000000
fffe0000
0000000000000000
0000000933280000
ffff3328
0000000933280000
00000003ae4384e0
0004ae43
00000003ae4384e0
          0
0000000000000000
00000000
0000000000000000
0000000000000000
00000000
0000000000000000
0000000000000000
fffe0000
0000000000000000
00000008fff40000
fffefff4
00000008fff40000
00000004802fffb8
0005802f
00000004802fffb8
          0
0000000000000000
00000000
0000000000000000
0000000000000000
00000000
0000000000000000
0000000000000000
fffe0000
0000000000000000
00000008ccc00000
fffeccc0
00000008ccc00000
0000000547deb800
000647de
0000000547deb800
          0
0000000000000000
00000000
0000000000000000
0000000000000000
00000000
0000000000000000
0000000000000000
fffe0000
0000000000000000
00000008998c0000
fffe998c
00000008998c0000
00000006054fadb8
0007054f
00000006054fadb8
          0
0000000000000000
00000000
0000000000000000
0000000000000000
00000000
0000000000000000
0000000000000000
fffe0000
0000000000000000
0000000866580000
fffe6658
0000000866580000
00000006b882e0e0
0007b882
00000006b882e0e0
          0
0000000000000000
00000000
0000000000000000
0000000000000000
00000000
0000000000000000
0000000000000000
fffe0000
0000000000000000
0000000833240000
fffe3324
0000000833240000
0000000761785178
00086178
0000000761785178
          0
0000000000000000
00000000
0000000000000000
0000000000000000
00000000
0000000000000000
0000000000000000
fffe0000
0000000000000000
00000007fff00000
fffdfff0
00000007fff00000
00000008002fff80
0009002f
00000008002fff80
          0
0000000000000000
00000000
0000000000000000
0000000000000000
00000000
0000000000000000
0000000000000000
fffe0000
0000000000000000
00000007ccbc0000
fffdccbc
00000007ccbc0000
0000000894a9eaf8
000994a9
0000000894a9eaf8
          0
0000000000000000
00000000
0000000000000000
0000000000000000
00000000
0000000000000000
0000000000000000
fffe0000
0000000000000000
0000000799880000
fffd9988
0000000799880000
000000091ee613e0
000a1ee6
000000091ee613e0
          0
0000000000000000
00000000
0000000000000000
0000000000000000
00000000
0000000000000000
0000000000000000
fffe0000
0000000000000000
0000000766540000
fffd6654
0000000766540000
000000099ee47a38
000a9ee4
000000099ee47a38
          0
0000000000000000
00000000
0000000000000000
0000000000000000
00000000
0000000000000000
0000000000000000
fffe0000
0000000000000000
0000000733200000
fffd3320
0000000733200000
0000000a14a51e00
000b14a5
0000000a14a51e00
          0
0000000000000000
00000000
0000000000000000
0000000000000000
00000000
0000000000000000
0000000000000000
fffe0000
0000000000000000
00000006ffec0000
fffcffec
00000006ffec0000
0000000a8027ff38
000b8027
0000000a8027ff38
          0
0000000000000000
00000000
0000000000000000
0000000000000000
00000000
0000000000000000
0000000000000000
fffe0000
0000000000000000
00000006ccb80000
fffcccb8
00000006ccb80000
0000000ae16d1de0
000be16d
0000000ae16d1de0
          0
0000000000000000
00000000
0000000000000000
0000000000000000
00000000
0000000000000000
0000000000000000
fffe0000
0000000000000000
0000000699840000
fffc9984
0000000699840000
0000000b387479f8
000c3874
0000000b387479f8
          0
0000000000000000
00000000
0000000000000000
0000000000000000
00000000
0000000000000000
0000000000000000
fffe0000
0000000000000000
0000000666500000
fffc6650
0000000666500000
0000000b853e1380
000c853e
0000000b853e1380
          0
0000000000000000
00000000
0000000000000000
0000000000000000
00000000
0000000000000000
0000000000000000
fffe0000
0000000000000000
00000006331c0000
fffc331c
00000006331c0000
0000000bc7c9ea78
000cc7c9
0000000bc7c9ea78
          0
0000000000000000
00000000
0000000000000000
0000000000000000
00000000
0000000000000000
0000000000000000
fffe0000
0000000000000000
00000005ffe80000
fffbffe8
00000005ffe80000
0000000c0017fee0
000d0017
0000000c0017fee0
          0
0000000000000000
00000000
0000000000000000
0000000000000000
00000000
0000000000000000
0000000000000000
fffe0000
0000000000000000
00000005ccb40000
fffbccb4
00000005ccb40000
0000000c2e2850b8
000d2e28
0000000c2e2850b8
          0
0000000000000000
00000000
0000000000000000
0000000000000000
00000000
0000000000000000
0000000000000000
fffe0000
0000000000000000
0000000599800000
fffb9980
0000000599800000
0000000c51fae000
000d51fa
0000000c51fae000
          0
0000000000000000
00000000
0000000000000000
0000000000000000
00000000
0000000000000000
0000000000000000
fffe0000
0000000000000000
00000005664c0000
fffb664c
00000005664c0000
0000000c6b8facb8
000d6b8f
0000000c6b8facb8
          0
0000000000000000
00000000
0000000000000000
0000000000000000
00000000
0000000000000000
0000000000000000
fffe0000
0000000000000000
0000000533180000
fffb3318
0000000533180000
0000000c7ae6b6e0
000d7ae6
0000000c7ae6b6e0
          0
0000000000000000
00000000
0000000000000000
0000000000000000
00000000
0000000000000000
0000000000000000
fffe0000
0000000000000000
00000004ffe40000
fffaffe4
00000004ffe40000
0000000c7ffffe78
000d7fff
0000000c7ffffe78
          0
0000000000000000
00000000
0000000000000000
0000000000000000
00000000
0000000000000000
0000000000000000
fffe0000
0000000000000000
00000004ccb00000
fffaccb0
00000004ccb00000
0000000c7adb8380
000d7adb
0000000c7adb8380
          0
0000000000000000
00000000
0000000000000000
0000000000000000
00000000
0000000000000000
0000000000000000
fffe0000
0000000000000000
00000004997c0000
fffa997c
00000004997c0000
0000000c6b7945f8
000d6b79
0000000c6b7945f8
          0
0000000000000000
00000000
0000000000000000
0000000000000000
00000000
0000000000000000
0000000000000000
fffe0000
0000000000000000
0000000466480000
fffa6648
0000000466480000
0000000c51d945e0
000d51d9
0000000c51d945e0
          0
0000000000000000
00000000
0000000000000000
0000000000000000
00000000
0000000000000000
0000000000000000
fffe0000
0000000000000000
0000000433140000
fffa3314
0000000433140000
0000000c2dfb8338
000d2dfb
0000000c2dfb8338
          0
0000000000000000
00000000
0000000000000000
0000000000000000
00000000
0000000000000000
0000000000000000
fffe0000
0000000000000000
00000003ffe00000
fff9ffe0
00000003ffe00000
0000000bffdffe00
000cffdf
0000000bffdffe00
          0
0000000000000000
00000000
0000000000000000
0000000000000000
00000000
0000000000000000
0000000000000000
fffe0000
0000000000000000
00000003ccac0000
fff9ccac
00000003ccac0000
0000000bc786b638
000cc786
0000000bc786b638
          0
0000000000000000
00000000
0000000000000000
0000000000000000
00000000
0000000000000000
0000000000000000
fffe0000
0000000000000000
0000000399780000
fff99978
0000000399780000
0000000b84efabe0
000c84ef
0000000b84efabe0
          0
0000000000000000
00000000
0000000000000000
0000000000000000
00000000
0000000000000000
0000000000000000
fffe0000
0000000000000000
0000000366440000
fff96644
0000000366440000
0000000b381adef8
000c381a
0000000b381adef8
          0
0000000000000000
00000000
0000000000000000
0000000000000000
00000000
0000000000000000
0000000000000000
fffe0000
0000000000000000
0000000333100000
fff93310
0000000333100000
0000000ae1084f80
000be108
0000000ae1084f80
          0
0000000000000000
00000000
0000000000000000
0000000000000000
00000000
0000000000000000
0000000000000000
fffe0000
0000000000000000
00000002ffdc0000
fff8ffdc
00000002ffdc0000
0000000a7fb7fd78
000b7fb7
0000000a7fb7fd78
          0
0000000000000000
00000000
0000000000000000
0000000000000000
00000000
0000000000000000
0000000000000000
fffe0000
0000000000000000
00000002cca80000
fff8cca8
00000002cca80000
0000000a1429e8e0
000b1429
0000000a1429e8e0
          0
0000000000000000
00000000
0000000000000000
0000000000000000
00000000
0000000000000000
0000000000000000
fffe0000
0000000000000000
0000000299740000
fff89974
0000000299740000
000000099e5e11b8
000a9e5e
000000099e5e11b8
          0
0000000000000000
00000000
0000000000000000
0000000000000000
00000000
0000000000000000
0000000000000000
fffe0000
0000000000000000
0000000266400000
fff86640
0000000266400000
000000091e547800
000a1e54
000000091e547800
          0
0000000000000000
00000000
0000000000000000
0000000000000000
00000000
0000000000000000
0000000000000000
fffe0000
0000000000000000
00000002330c0000
fff8330c
00000002330c0000
00000008940d1bb8
0009940d
00000008940d1bb8
          0
0000000000000000
00000000
0000000000000000
0000000000000000
00000000
0000000000000000
0000000000000000
fffe0000
0000000000000000
00000001ffd80000
fff7ffd8
00000001ffd80000
00000007ff87fce0
0008ff87
00000007ff87fce0
          0
0000000000000000
00000000
0000000000000000
0000000000000000
00000000
0000000000000000
0000000000000000
fffe0000
0000000000000000
00000001cca40000
fff7cca4
00000001cca40000
0000000760c51b78
000860c5
0000000760c51b78
          0
0000000000000000
00000000
0000000000000000
0000000000000000
00000000
0000000000000000
0000000000000000
fffe0000
0000000000000000
0000000199700000
fff79970
0000000199700000
00000006b7c47780
0007b7c4
00000006b7c47780
          0
0000000000000000
00000000
0000000000000000
0000000000000000
00000000
0000000000000000
0000000000000000
fffe0000
0000000000000000
00000001663c0000
fff7663c
00000001663c0000
00000006048610f8
00070486
00000006048610f8
          0
0000000000000000
00000000
0000000000000000
0000000000000000
00000000
0000000000000000
0000000000000000
fffe0000
0000000000000000
0000000133080000
fff73308
0000000133080000
000000054709e7e0
00064709
000000054709e7e0
          0
0000000000000000
00000000
0000000000000000
0000000000000000
00000000
0000000000000000
0000000000000000
fffe0000
0000000000000000
00000000ffd40000
fff6ffd4
00000000ffd40000
000000047f4ffc38
00057f4f
000000047f4ffc38
          0
0000000000000000
00000000
0000000000000000
0000000000000000
00000000
0000000000000000
0000000000000000
fffe0000
0000000000000000
00000000cca00000
fff6cca0
00000000cca00000
00000003ad584e00
0004ad58
00000003ad584e00
          0
0000000000000000
00000000
0000000000000000
0000000000000000
00000000
0000000000000000
0000000000000000
fffe0000
0000000000000000
00000000996c0000
fff6996c
00000000996c0000
00000002d122dd38
0003d122
00000002d122dd38
          0
0000000000000000
00000000
0000000000000000
0000000000000000
00000000
0000000000000000
0000000000000000
fffe0000
0000000000000000
0000000066380000
fff66638
0000000066380000
00000001eaafa9e0
0002eaaf
00000001eaafa9e0
          0
0000000000000000
00000000
0000000000000000
0000000000000000
00000000
0000000000000000
0000000000000000
fffe0000
0000000000000000
0000000033040000
fff63304
0000000033040000
00000000f9feb3f8
0001f9fe
00000000f9feb3f8
          0
0000000000000000
00000000
0000000000000000
0000000000000000
00000000
0000000000000000
0000000000000000
fffe0000
0000000000000000
ffffffffffd00000
fff5ffd0
ffffffffffd00000
ffffffffff0ffb80
0000ff0f
ffffffffff0ffb80
          0
0000000000000000
00000000
0000000000000000
0000000000000000
00000000
0000000000000000
0000000000000000
fffe0000
0000000000000000
ffffffffcc9c0000
fff5cc9c
ffffffffcc9c0000
fffffffef9e38078
fffff9e3
fffffffef9e38078
          0
0000000000000000
00000000
0000000000000000
0000000000000000
00000000
0000000000000000
0000000000000000
fffe0000
0000000000000000
ffffffff99680000
fff59968
ffffffff99680000
fffffffdea7942e0
fffeea79
fffffffdea7942e0
          0
0000000000000000
00000000
0000000000000000
0000000000000000
00000000
0000000000000000
0000000000000000
fffe0000
0000000000000000
ffffffff66340000
fff56634
ffffffff66340000
fffffffcd0d142b8
fffdd0d1
fffffffcd0d142b8
          0
0000000000000000
00000000
0000000000000000
0000000000000000
00000000
0000000000000000
0000000000000000
fffe0000
0000000000000000
ffffffff33000000
fff53300
ffffffff33000000
fffffffbaceb8000
fffcaceb
fffffffbaceb8000
          0
0000000000000000
00000000
0000000000000000
0000000000000000
00000000
0000000000000000
0000000000000000
fffe0000
0000000000000000
fffffffeffcc0000
fff4ffcc
fffffffeffcc0000
fffffffa7ec7fab8
fffb7ec7
fffffffa7ec7fab8
          0
0000000000000000
00000000
0000000000000000
0000000000000000
00000000
0000000000000000
0000000000000000
fffe0000
0000000000000000
fffffffecc980000
fff4cc98
fffffffecc980000
fffffff94666b2e0
fffa4666
fffffff94666b2e0
          0
0000000000000000
00000000
0000000000000000
0000000000000000
00000000
0000000000000000
0000000000000000
fffe0000
0000000000000000
fffffffe99640000
fff49964
fffffffe99640000
fffffff803c7a878
fff903c7
fffffff803c7a878
          0
0000000000000000
00000000
0000000000000000
0000000000000000
00000000
0000000000000000
0000000000000000
fffe0000
0000000000000000
fffffffe66300000
fff46630
fffffffe66300000
fffffff6b6eadb80
fff7b6ea
fffffff6b6eadb80
          0
0000000000000000
00000000
0000000000000000
0000000000000000
00000000
0000000000000000
0000000000000000
fffe0000
0000000000000000
fffffffe32fc0000
fff432fc
fffffffe32fc0000
fffffff55fd04bf8
fff65fd0
fffffff55fd04bf8
          0
0000000000000000
00000000
0000000000000000
0000000000000000
00000000
0000000000000000
0000000000000000
fffe0000
0000000000000000
fffffffdffc80000
fff3ffc8
fffffffdffc80000
fffffff3fe77f9e0
fff4fe77
fffffff3fe77f9e0
          0
0000000000000000
00000000
0000000000000000
0000000000000000
00000000
0000000000000000
0000000000000000
fffe0000
0000000000000000
fffffffdcc940000
fff3cc94
fffffffdcc940000
fffffff292e1e538
fff392e1
fffffff292e1e538
          0
0000000000000000
00060000
0000000000000000
fffffff966640000
fff96664
fffffff966640000
000000074294a3d8
00054294
000000074294a3d8
fffffffa36c17ef8
fffe36c1
fffffffa36c17ef8
00000001f6f936e6
0000f6f9
00000001f6f936e6
          0
0000000000000000
00060000
0000000000000000
fffffffeccce0000
fffeccce
fffffffeccce0000
000000003d7028f6
fffe3d70
000000003d7028f6
000000005a1c72b0
00045a1c
000000005a1c72b0
ffffffff212e786c
fffe212e
ffffffff212e786c
          0
0000000000000000
00060000
0000000000000000
fffffff966640000
fff96664
fffffff966640000
000000074294a3d8
00054294
000000074294a3d8
fffffffa36c17ef8
fffe36c1
fffffffa36c17ef8
00000001f6f936e6
0000f6f9
00000001f6f936e6
          0
0000000000000000
00060000
0000000000000000
fffffffa00000000
fffa0000
fffffffa00000000
0000000600000000
00040000
0000000600000000
fffffffc00000000
00000000
fffffffc00000000
0000000000000000
ffff0000
0000000000000000
          0
0000000000000000
00060000
0000000000000000
fffffffa999c0000
fffa999c
fffffffa999c0000
00000004dc24a3d8
0002dc24
00000004dc24a3d8
fffffffd6d13f1a8
00016d13
fffffffd6d13f1a8
fffffffeb76f786e
fffdb76f
fffffffeb76f786e
          0
0000000000000000
00060000
0000000000000000
fffffffb33380000
fffb3338
fffffffb33380000
00000003d7028f60
0001d702
00000003d7028f60
fffffffe87331268
00028733
fffffffe87331268
fffffffdfa3f9f5c
fffcfa3f
fffffffdfa3f9f5c
          0
0000000000000000
00060000
0000000000000000
fffffffbccd40000
fffbccd4
fffffffbccd40000
00000002f099c298
0000f099
00000002f099c298
ffffffff5796071e
00035796
ffffffff5796071e
fffffffda91b02b4
fffca91b
fffffffda91b02b4
          0
0000000000000000
00060000
0000000000000000
fffffffc66700000
fffc6670
fffffffc66700000
0000000228ea3d80
000028ea
0000000228ea3d80
ffffffffe773db10
0003e773
ffffffffe773db10
fffffffda85ad8b8
fffca85a
fffffffda85ad8b8
          0
0000000000000000
00060000
0000000000000000
fffffffd000c0000
fffd000c
fffffffd000c0000
000000017ff40018
ffff7ff4
000000017ff40018
000000004004ffe8
00044004
000000004004ffe8
fffffffde0068008
fffce006
fffffffde0068008
          0
0000000000000000
00060000
0000000000000000
fffffffd99a80000
fffd99a8
fffffffd99a80000
00000000f5b70a60
fffef5b7
00000000f5b70a60
000000006a811a84
00046a81
000000006a811a84
fffffffe3bd6ff9c
fffd3bd6
fffffffe3bd6ff9c
          0
0000000000000000
00060000
0000000000000000
fffffffe33440000
fffe3344
fffffffe33440000
000000008a335c58
fffe8a33
000000008a335c58
00000000701fcfc2
0004701f
00000000701fcfc2
fffffffeab36538a
fffdab36
fffffffeab36538a
          0
0000000000000000
00090000
0000000000000000
fffffffa99960000
fff09996
fffffffa99960000
000000093d78f5c4
00073d78
000000093d78f5c4
fffffffba7e84dd0
fffba7e8
fffffffba7e84dd0
000000029b435670
00039b43
000000029b435670
          0
0000000000000000
00090000
0000000000000000
0000000acccb0000
0000cccb
0000000acccb0000
00000000f5c03d71
fffef5c0
00000000f5c03d71
fffffffec0803540
fffec080
fffffffec0803540
fffffffe8099d980
ffff8099
fffffffe8099d980
          0
0000000000000000
00090000
0000000000000000
fffffffa99960000
fff09996
fffffffa99960000
000000093d78f5c4
00073d78
000000093d78f5c4
fffffffba7e84dd0
fffba7e8
fffffffba7e84dd0
000000029b435670
00039b43
000000029b435670
          0
0000000000000000
00090000
0000000000000000
fffffffb80000000
fff18000
fffffffb80000000
0000000740000000
00054000
0000000740000000
fffffffd60000000
fffd6000
fffffffd60000000
0000000150000000
00025000
0000000150000000
          0
0000000000000000
00090000
0000000000000000
fffffffc666a0000
fff2666a
fffffffc666a0000
00000005709cf5c4
0003709c
00000005709cf5c4
fffffffe9fc2f9d8
fffe9fc2
fffffffe9fc2f9d8
000000008ce50cb4
00018ce5
000000008ce50cb4
          0
0000000000000000
00090000
0000000000000000
fffffffd4cd40000
fff34cd4
fffffffd4cd40000
00000003cf4fd710
0001cf4f
00000003cf4fd710
ffffffff7503590c
ffff7503
ffffffff7503590c
0000000029b1dd9c
000129b1
0000000029b1dd9c
          0
0000000000000000
00090000
0000000000000000
fffffffe333e0000
fff4333e
fffffffe333e0000
000000025c18a3e4
00005c18
000000025c18a3e4
ffffffffed953b50
ffffed95
ffffffffed953b50
0000000003aee9e6
000103ae
0000000003aee9e6
          0
0000000000000000
00090000
0000000000000000
ffffffff19a80000
fff519a8
ffffffff19a80000
0000000116f75c40
ffff16f7
0000000116f75c40
00000000174c3e58
0000174c
00000000174c3e58
fffffffffdabbee0
0000fdab
fffffffffdabbee0
          0
0000000000000000
00090000
0000000000000000
0000000000120000
fff60012
0000000000120000
ffffffffffec0024
fffdffec
ffffffffffec0024
fffffffffffbffd8
fffffffb
fffffffffffbffd8
fffffffffffffff6
0000ffff
fffffffffffffff6
          0
0000000000000000
00090000
0000000000000000
00000000e67c0000
fff6e67c
00000000e67c0000
ffffffff16f68f90
fffd16f6
ffffffff16f68f90
ffffffffb57803e8
ffffb578
ffffffffb57803e8
fffffffff88b4d20
0000f88b
fffffffff88b4d20
          0
0000000000000000
00090000
0000000000000000
00000001cce60000
fff7cce6
00000001cce60000
fffffffe5c170a84
fffc5c17
fffffffe5c170a84
ffffffff459401da
ffff4594
ffffffff459401da
ffffffffdab52938
0000dab5
ffffffffdab52938
          0
0000000000000000
00090000
0000000000000000
00000002b3500000
fff8b350
00000002b3500000
fffffffdcf4d7100
fffbcf4d
fffffffdcf4d7100
fffffffebe234a90
fffebe23
fffffffebe234a90
ffffffff9f6ce070
00009f6c
ffffffff9f6ce070
          0
0000000000000000
00090000
0000000000000000
0000000399ba0000
fff999ba
0000000399ba0000
fffffffd7099c304
fffb7099
fffffffd7099c304
fffffffe2cf9955a
fffe2cf9
fffffffe2cf9955a
ffffffff4529d51a
00004529
ffffffff4529d51a
          0
0000000000000000
00090000
0000000000000000
0000000480240000
fffa8024
0000000480240000
fffffffd3ffc0090
fffb3ffc
fffffffd3ffc0090
fffffffd9feafff0
fffd9fea
fffffffd9feafff0
fffffffecfeb7fa8
ffffcfeb
fffffffecfeb7fa8
          0
0000000000000000
00090000
0000000000000000
00000005668e0000
fffb668e
00000005668e0000
fffffffd3d7429a4
fffb3d74
fffffffd3d7429a4
fffffffd24ca4198
fffd24ca
fffffffd24ca4198
fffffffe49396eac
ffff4939
fffffffe49396eac
          0
0000000000000000
00090000
0000000000000000
000000064cf80000
fffc4cf8
000000064cf80000
fffffffd69023e40
fffb6902
fffffffd69023e40
fffffffcc96b5e70
fffcc96b
fffffffcc96b5e70
fffffffdc021e068
fffec021
fffffffdc021e068
          0
0000000000000000
00090000
0000000000000000
0000000733620000
fffd3362
0000000733620000
fffffffdc2a63e64
fffbc2a6
fffffffdc2a63e64
fffffffc9ba1f42c
fffc9ba1
fffffffc9ba1f42c
fffffffd493bf612
fffe493b
fffffffd493bf612
          0
0000000000000000
00090000
0000000000000000
0000000819cc0000
fffe19cc
0000000819cc0000
fffffffe4a602a10
fffc4a60
fffffffe4a602a10
fffffffca941a080
fffca941
fffffffca941a080
fffffffcfea7cd6c
fffdfea7
fffffffcfea7cd6c
          0
0000000000000000
00090000
0000000000000000
0000000900360000
ffff0036
0000000900360000
ffffffff00300144
fffd0030
ffffffff00300144
fffffffd001e0120
fffd001e
fffffffd001e0120
fffffffd000c00b4
fffe000c
fffffffd000c00b4
          0
0000000000000000
00090000
0000000000000000
00000009e6a00000
ffffe6a0
00000009e6a00000
ffffffffe415c400
fffde415
ffffffffe415c400
fffffffdae099a20
fffdae09
fffffffdae099a20
fffffffd7294a6a0
fffe7294
fffffffd7294a6a0
          0
0000000000000000
fffd0000
0000000000000000
0000000600000000
00070000
0000000600000000
fffffff200000000
fff90000
fffffff200000000
0000000e00000000
00070000
0000000e00000000
fffffff200000000
fff20000
fffffff200000000
          0
0000000000000000
fffd0000
0000000000000000
fffffffa00000000
fffb0000
fffffffa00000000
fffffff600000000
fffd0000
fffffff600000000
fffffffa00000000
fff30000
fffffffa00000000
ffffffe600000000
ffe60000
ffffffe600000000
          0
0000000000000000
fffd0000
0000000000000000
0000000600000000
00070000
0000000600000000
fffffff200000000
fff90000
fffffff200000000
0000000e00000000
00070000
0000000e00000000
fffffff200000000
fff20000
fffffff200000000
          0
0000000000000000
fffd0000
0000000000000000
00000005b3320000
0006b332
00000005b3320000
fffffff34523ae14
fffa4523
fffffff34523ae14
0000000ae308020e
0003e308
0000000ae308020e
fffffff89d725ad0
fff89d72
fffffff89d725ad0
          0
0000000000000000
fffd0000
0000000000000000
0000000566640000
00066664
0000000566640000
fffffff47aeab850
fffb7aea
fffffff47aeab850
0000000822bd9588
000122bd
0000000822bd9588
fffffffdf4acb564
fffdf4ac
fffffffdf4acb564
          0
0000000000000000
fffd0000
0000000000000000
0000000519960000
00061996
0000000519960000
fffffff5a1551eb4
fffca155
fffffff5a1551eb4
00000005ba850e66
fffeba85
00000005ba850e66
00000002294f9306
0002294f
00000002294f9306
          0
0000000000000000
fffd0000
0000000000000000
00000004ccc80000
0005ccc8
00000004ccc80000
fffffff6b862e140
fffdb862
fffffff6b862e140
00000003a5c5f3d0
fffca5c5
00000003a5c5f3d0
000000055d25d608
00055d25
000000055d25d608
          0
0000000000000000
fffd0000
0000000000000000
000000047ffa0000
00057ffa
000000047ffa0000
fffffff7c013fff4
fffec013
fffffff7c013fff4
00000001dfe10026
fffadfe1
00000001dfe10026
00000007b0243fc2
0007b024
00000007b0243fc2
          0
0000000000000000
fffd0000
0000000000000000
00000004332c0000
0005332c
00000004332c0000
fffffff8b8687ad0
ffffb868
fffffff8b8687ad0
00000000643a8760
fff9643a
00000000643a8760
00000009406bbd58
0009406b
00000009406bbd58
          0
0000000000000000
fffd0000
0000000000000000
00000003e65e0000
0004e65e
00000003e65e0000
fffffff9a16051d4
0000a160
fffffff9a16051d4
ffffffff2e382a40
fff82e38
ffffffff2e382a40
0000000a2a3ae7d0
000a2a3a
0000000a2a3ae7d0
          0
0000000000000000
fffd0000
0000000000000000
0000000399900000
00049990
0000000399900000
fffffffa7afb8500
00017afb
fffffffa7afb8500
fffffffe393deff0
fff7393d
fffffffe393deff0
0000000a88011d90
000a8801
0000000a88011d90
          0
0000000000000000
fffd0000
0000000000000000
000000034cc20000
00044cc2
000000034cc20000
fffffffb453a1454
0002453a
fffffffb453a1454
fffffffd80aec604
fff680ae
fffffffd80aec604
0000000a72519c0c
000a7251
0000000a72519c0c
          0
0000000000000000
fffd0000
0000000000000000
00000002fff40000
0003fff4
00000002fff40000
fffffffc001bffd0
0003001b
fffffffc001bffd0
fffffffcfff1006c
fff5fff1
fffffffcfff1006c
00000009ffe6ffc4
0009ffe6
00000009ffe6ffc4
          0
0000000000000000
fffd0000
0000000000000000
00000002b3260000
0003b326
00000002b3260000
fffffffcaba14774
0003aba1
fffffffcaba14774
fffffffcb265a65e
fff5b265
fffffffcb265a65e
0000000945aaf756
000945aa
0000000945aaf756
          0
0000000000000000
fffd0000
0000000000000000
0000000266580000
00036658
0000000266580000
fffffffd47c9eb40
000447c9
fffffffd47c9eb40
fffffffc9373bef8
fff59373
fffffffc9373bef8
0000000856a52a28
000856a5
0000000856a52a28
          0
0000000000000000
fffd0000
0000000000000000
00000002198a0000
0003198a
00000002198a0000
fffffffdd495eb34
0004d495
fffffffdd495eb34
fffffffc9e7d9e3a
fff59e7d
fffffffc9e7d9e3a
00000007440c1e8a
0007440c
00000007440c1e8a
          0
0000000000000000
fffd0000
0000000000000000
00000001ccbc0000
0002ccbc
00000001ccbc0000
fffffffe52054750
00055205
fffffffe52054750
fffffffccee7981c
fff5cee7
fffffffccee7981c
000000061d3c5374
00061d3c
000000061d3c5374
          0
0000000000000000
fffd0000
0000000000000000
000000017fee0000
00027fee
000000017fee0000
fffffffec017ff94
0005c017
fffffffec017ff94
fffffffd2017008a
fff62017
fffffffd2017008a
00000004efb9408a
0004efb9
00000004efb9408a
          0
0000000000000000
fffd0000
0000000000000000
0000000133200000
00023320
0000000133200000
ffffffff1ece1400
00061ece
ffffffff1ece1400
fffffffd8d6e5ec0
fff68d6e
fffffffd8d6e5ec0
00000003c73122c0
0003c731
00000003c73122c0
          0
0000000000000000
fffd0000
0000000000000000
00000000e6520000
0001e652
00000000e6520000
ffffffff6e278494
00066e27
ffffffff6e278494
fffffffe125339d6
fff71253
fffffffe125339d6
00000002ad772fce
0002ad77
00000002ad772fce
          0
0000000000000000
fffd0000
0000000000000000
0000000099840000
00019984
0000000099840000
ffffffffae245150
0006ae24
ffffffffae245150
fffffffeaa28e5d0
fff7aa28
fffffffeaa28e5d0
00000001aa88c920
0001aa88
00000001aa88c920
          0
0000000000000000
fffd0000
0000000000000000
000000004cb60000
00014cb6
000000004cb60000
ffffffffdec47a34
0006dec4
ffffffffdec47a34
ffffffff5053d038
fff85053
ffffffff5053d038
00000000c48a15aa
0000c48a
00000000c48a15aa
          0
0000000000000000
fffd0000
0000000000000000
ffffffffffe80000
0000ffe8
ffffffffffe80000
000000000007ff40
00070007
000000000007ff40
0000000000380038
fff90038
0000000000380038
ffffffffffc801c0
ffffffc8
ffffffffffc801c0
          0
0000000000000000
fffd0000
0000000000000000
ffffffffb31a0000
0000b31a
ffffffffb31a0000
0000000011eee074
000711ee
0000000011eee074
00000000b539969c
fff9b539
00000000b539969c
ffffffff5eb73f12
ffff5eb7
ffffffff5eb73f12
          0
0000000000000000
fffd0000
0000000000000000
ffffffff664c0000
0000664c
ffffffff664c0000
0000000014791dd0
00071479
0000000014791dd0
000000016abce75c
fffa6abc
000000016abce75c
fffffffee1f47810
fffee1f4
fffffffee1f47810
          0
0000000000000000
fffd0000
0000000000000000
ffffffff197e0000
0000197e
ffffffff197e0000
0000000007a6b754
000707a6
0000000007a6b754
000000021c25acc4
fffb1c25
000000021c25acc4
fffffffe884482ee
fffe8844
fffffffe884482ee
          0
0000000000000000
fffd0000
0000000000000000
fffffffeccb00000
ffffccb0
fffffffeccb00000
ffffffffeb77ad00
0006eb77
ffffffffeb77ad00
00000002c4d86e10
fffbc4d8
00000002c4d86e10
fffffffe4e942e80
fffe4e94
fffffffe4e942e80
          0
0000000000000000
fffd0000
0000000000000000
fffffffe7fe20000
ffff7fe2
fffffffe7fe20000
ffffffffbfebfed4
0006bfeb
ffffffffbfebfed4
000000036038ff2e
fffc6038
000000036038ff2e
fffffffe2ff7c230
fffe2ff7
fffffffe2ff7c230
          0
0000000000000000
fffd0000
0000000000000000
fffffffe33140000
ffff3314
fffffffe33140000
ffffffff8503acd0
00068503
ffffffff8503acd0
00000003e9ac00ec
fffce9ac
00000003e9ac00ec
fffffffe25ad7e30
fffe25ad
fffffffe25ad7e30
          0
0000000000000000
fffd0000
0000000000000000
fffffffde6460000
fffee646
fffffffde6460000
ffffffff3abeb6f4
00063abe
ffffffff3abeb6f4
000000045c951404
fffd5c95
000000045c951404
fffffffe27189b16
fffe2718
fffffffe27189b16
          0
0000000000000000
fffd0000
0000000000000000
fffffffd99780000
fffe9978
fffffffd99780000
fffffffee11d1d40
0005e11d
fffffffee11d1d40
00000004b4590c78
fffdb459
00000004b4590c78
fffffffe29c71718
fffe29c7
fffffffe29c71718
          0
0000000000000000
fffd0000
0000000000000000
fffffffd4caa0000
fffe4caa
fffffffd4caa0000
fffffffe781edfb4
0005781e
fffffffe781edfb4
00000004ec5a715c
fffdec5a
00000004ec5a715c
fffffffe216c1c14
fffe216c
fffffffe216c1c14
          0
0000000000000000
fffd0000
0000000000000000
fffffffcffdc0000
fffdffdc
fffffffcffdc0000
fffffffdffc3fe50
0004ffc3
fffffffdffc3fe50
00000004fffefd24
fffdfffe
00000004fffefd24
fffffffdffe5ffe8
fffdffe5
fffffffdffe5ffe8
          0
0000000000000000
fffd0000
0000000000000000
fffffffcb30e0000
fffdb30e
fffffffcb30e0000
fffffffd780c7914
0004780c
fffffffd780c7914
00000004eaab03c8
fffdeaab
00000004eaab03c8
fffffffdb53bdde2
fffdb53b
fffffffdb53bdde2
          0
0000000000000000
fffd0000
0000000000000000
fffffffc66400000
fffd6640
fffffffc66400000
fffffffce0f85000
0003e0f8
fffffffce0f85000
00000004a7c1a600
fffda7c1
00000004a7c1a600
fffffffd2f966340
fffd2f96
fffffffd2f966340
          0
0000000000000000
fffd0000
0000000000000000
fffffffc19720000
fffd1972
fffffffc19720000
fffffffc3a878314
00033a87
fffffffc3a878314
0000000432a6eaf6
fffd32a6
0000000432a6eaf6
fffffffc5b4c695c
fffc5b4c
fffffffc5b4c695c
          0
0000000000000000
fffd0000
0000000000000000
fffffffbcca40000
fffccca4
fffffffbcca40000
fffffffb84ba1250
000284ba
fffffffb84ba1250
0000000386c04048
fffc86c0
0000000386c04048
fffffffb22dd8f00
fffb22dd
fffffffb22dd8f00
          0
0000000000000000
fffd0000
0000000000000000
fffffffb7fd60000
fffc7fd6
fffffffb7fd60000
fffffffabf8ffdb4
0001bf8f
fffffffabf8ffdb4
000000029f6ef9d2
fffb9f6e
000000029f6ef9d2
fffffff96ee7b804
fff96ee7
fffffff96ee7b804
          0
0000000000000000
fffd0000
0000000000000000
fffffffb33080000
fffc3308
fffffffb33080000
fffffff9eb094540
0000eb09
fffffff9eb094540
00000001781b9ee8
fffa781b
00000001781b9ee8
fffffff72641f4b8
fff72641
fffffff72641f4b8
          0
0000000000000000
fffd0000
0000000000000000
fffffffae63a0000
fffbe63a
fffffffae63a0000
fffffff90725e8f4
00000725
fffffff90725e8f4
000000000c25b68a
fff90c25
000000000c25b68a
fffffff42dd8008a
fff42dd8
fffffff42dd8008a
          0
0000000000000000
fffd0000
0000000000000000
fffffffa996c0000
fffb996c
fffffffa996c0000
fffffff813e5e8d0
ffff13e5
fffffff813e5e8d0
fffffffe56f494cc
fff756f4
fffffffe56f494cc
fffffff068cd29b0
fff068cd
fffffff068cd29b0
          0
0000000000000000
fffd0000
0000000000000000
fffffffa4c9e0000
fffb4c9e
fffffffa4c9e0000
fffffff7114944d4
fffe1149
fffffff7114944d4
fffffffc53ec8da6
fff553ec
fffffffc53ec8da6
ffffffebb866b6c8
ffebb866
ffffffebb866b6c8
    -524288
0000001000000000
00150000
0000001000000000
ffffffd600000000
ffd60000
ffffffd600000000
0000005400000000
00550000
0000005400000000
ffffff5600000000
ff540000
ffffff5600000000
0000015800000000
01580000
0000015800000000
    -524288
fffffff800000000
fffd0000
fffffff800000000
fffffffd00000000
fffd0000
fffffffd00000000
fffffffd00000000
fffe0000
fffffffd00000000
fffffffe00000000
fffc0000
fffffffe00000000
fffffffc00000000
fffc0000
fffffffc00000000
    -524288
0000001000000000
00150000
0000001000000000
ffffffd600000000
ffd60000
ffffffd600000000
0000005400000000
00550000
0000005400000000
ffffff5600000000
ff540000
ffffff5600000000
0000015800000000
01580000
0000015800000000
    -524288
0000000f33300000
00143330
0000000f33300000
ffffffd99ec67ae0
ffd99ec6
ffffffd99ec67ae0
00000048ebded91c
0049ebde
00000048ebded91c
ffffff738cc4918c
ff718cc4
ffffff738cc4918c
0000010ea785d1e8
010ea785
0000010ea785d1e8
    -524288
0000000e66600000
00136660
0000000e66600000
ffffffdd1495eb80
ffdd1495
ffffffdd1495eb80
0000003edad7dd44
003fdad7
0000003edad7dd44
ffffff8d0fe348ac
ff8b0fe3
ffffff8d0fe348ac
000000d27ca3731c
00d27ca3
000000d27ca3731c
    -524288
0000000d99900000
00129990
0000000d99900000
ffffffe0616e51e0
ffe0616e
ffffffe0616e51e0
00000035c09f0e84
0036c09f
00000035c09f0e84
ffffffa2ec0033f2
ffa0ec00
ffffffa2ec0033f2
000000a1a18de800
00a1a18d
000000a1a18de800
    -524288
0000000cccc00000
0011ccc0
0000000cccc00000
ffffffe3854fae00
ffe3854f
ffffffe3854fae00
0000002d90eda218
002e90ed
0000002d90eda218
ffffffb57ecf4e48
ffb37ecf
ffffffb57ecf4e48
0000007a67d3fe18
007a67d3
0000007a67d3fe18
    -524288
0000000bfff00000
0010fff0
0000000bfff00000
ffffffe68039ffe0
ffe68039
ffffffe68039ffe0
000000263f778072
00273f77
000000263f778072
ffffffc5211bfeee
ffc3211b
ffffffc5211bfeee
0000005b4dddc236
005b4ddd
0000005b4dddc236
    -524288
0000000b33200000
00103320
0000000b33200000
ffffffe9522d4780
ffe9522d
ffffffe9522d4780
0000001fbff0f86c
0020bff0
0000001fbff0f86c
ffffffd226cb6640
ffd026cb
ffffffd226cb6640
00000042fc70f6b4
0042fc70
00000042fc70f6b4
    -524288
0000000a66500000
000f6650
0000000a66500000
ffffffebfb2984e0
ffebfb29
ffffffebfb2984e0
0000001a0612a5a6
001b0612
0000001a0612a5a6
ffffffdcdecdddcc
ffdadecd
ffffffdcdecdddcc
00000030445a563e
0030445a
00000030445a563e
    -524288
0000000999800000
000e9980
0000000999800000
ffffffee7b2eb800
ffee7b2e
ffffffee7b2eb800
000000150590bd60
00160590
000000150590bd60
ffffffe593334500
ffe39333
ffffffe593334500
000000221bce3d70
00221bce
000000221bce3d70
    -524288
00000008ccb00000
000dccb0
00000008ccb00000
fffffff0d23ce0e0
fff0d23c
fffffff0d23ce0e0
00000010b220f4d8
0011b220
00000010b220f4d8
ffffffec891c8140
ffea891c
ffffffec891c8140
000000179c13ed98
00179c13
000000179c13ed98
    -524288
00000007ffe00000
000cffe0
00000007ffe00000
fffffff30053ff80
fff30053
fffffff30053ff80
0000000cff79014c
000dff79
0000000cff79014c
fffffff200befde4
fff000be
fffffff200befde4
0000000fff0202f8
000fff02
0000000fff0202f8
    -524288
0000000733100000
000c3310
0000000733100000
fffffff5057413e0
fff50574
fffffff5057413e0
00000009e14db198
000ae14d
00000009e14db198
fffffff6356a9286
fff4356a
fffffff6356a9286
0000000a9c86516c
000a9c86
0000000a9c86516c
    -524288
0000000666400000
000b6640
0000000666400000
fffffff6e19d1e00
fff6e19d
fffffff6e19d1e00
000000074b56a158
00084b56
000000074b56a158
fffffff95d7c9cd0
fff75d7c
fffffff95d7c9cd0
00000006e8402720
0006e840
00000006e8402720
    -524288
0000000599700000
000a9970
0000000599700000
fffffff894cf1de0
fff894cf
fffffff894cf1de0
00000005314885ce
00063148
00000005314885ce
fffffffbaa6dcd10
fff9aa6d
fffffffbaa6dcd10
000000046ef9296a
00046ef9
000000046ef9296a
    -524288
00000004cca00000
0009cca0
00000004cca00000
fffffffa1f0a1380
fffa1f0a
fffffffa1f0a1380
0000000386d91438
000486d9
0000000386d91438
fffffffd48ca598c
fffb48ca
fffffffd48ca598c
00000002d4393138
0002d439
00000002d4393138
    -524288
00000003ffd00000
0008ffd0
00000003ffd00000
fffffffb804dfee0
fffb804d
fffffffb804dfee0
000000023fbe81ce
00033fbe
000000023fbe81ce
fffffffe60347e74
fffc6034
fffffffe60347e74
00000001cfd04138
0001cfd0
00000001cfd04138
    -524288
0000000333000000
00083300
0000000333000000
fffffffcb89ae000
fffcb89a
fffffffcb89ae000
000000014fad6a40
00024fad
000000014fad6a40
ffffffff13633120
fffd1363
ffffffff13633120
000000012b5f48e0
00012b5f
000000012b5f48e0
    -524288
0000000266300000
00076630
0000000266300000
fffffffdc7f0b6e0
fffdc7f0
fffffffdc7f0b6e0
00000000aa5c1c60
0001aa5c
00000000aa5c1c60
ffffffff8022ecd8
fffd8022
ffffffff8022ecd8
00000000bfe4cdb4
0000bfe4
00000000bfe4cdb4
    -524288
0000000199600000
00069960
0000000199600000
fffffffeae4f8380
fffeae4f
fffffffeae4f8380
0000000043804d6c
00014380
0000000043804d6c
ffffffffbf55e600
fffdbf55
ffffffffbf55e600
0000000073452e64
00007345
0000000073452e64
    -524288
00000000cc900000
0005cc90
00000000cc900000
ffffffff6bb745e0
ffff6bb7
ffffffff6bb745e0
000000000ecfb2a2
00010ecf
000000000ecfb2a2
ffffffffe4f356f2
fffde4f3
ffffffffe4f356f2
0000000035d7b26a
000035d7
0000000035d7b26a
    -524288
ffffffffffc00000
0004ffc0
ffffffffffc00000
000000000027fe00
00000027
000000000027fe00
0000000000000138
00010000
0000000000000138
0000000000080000
fffe0008
0000000000080000
fffffffffff00040
fffffff0
fffffffffff00040
    -524288
ffffffff32f00000
000432f0
ffffffff32f00000
000000006ba1abe0
00006ba1
000000006ba1abe0
000000000ac6d4e2
00010ac6
000000000ac6d4e2
000000001ab6274c
fffe1ab6
000000001ab6274c
ffffffffcf68ad2c
ffffcf68
ffffffffcf68ad2c
    -524288
fffffffe66200000
00036620
fffffffe66200000
00000000ae244f80
0000ae24
00000000ae244f80
0000000022d9fc70
000122d9
0000000022d9fc70
000000003a3565dc
fffe3a35
000000003a3565dc
ffffffffa52e336c
ffffa52e
ffffffffa52e336c
    -524288
fffffffd99500000
00029950
fffffffd99500000
00000000c7afe8e0
0000c7af
00000000c7afe8e0
000000003beee04a
00013bee
000000003beee04a
000000005ed2c0f4
fffe5ed2
000000005ed2c0f4
ffffffff82c99b8c
ffff82c9
ffffffff82c99b8c
    -524288
fffffffccc800000
0001cc80
fffffffccc800000
00000000b8447800
0000b844
00000000b8447800
0000000049bbb5c0
000149bb
0000000049bbb5c0
0000000083f0c3d0
fffe83f0
0000000083f0c3d0
ffffffff67eb5900
ffff67eb
ffffffff67eb5900
    -524288
fffffffbffb00000
0000ffb0
fffffffbffb00000
000000007fe1fce0
00007fe1
000000007fe1fce0
000000003ff57eca
00013ff5
000000003ff57eca
00000000a006ff92
fffea006
00000000a006ff92
ffffffff4ff5403c
ffff4ff5
ffffffff4ff5403c
    -524288
fffffffb32e00000
000032e0
fffffffb32e00000
000000001e887780
00001e88
000000001e887780
000000001252d720
00011252
000000001252d720
00000000a4a2be88
fffea4a2
00000000a4a2be88
ffffffff2f8649c8
ffff2f86
ffffffff2f8649c8
    -524288
fffffffa66100000
ffff6610
fffffffa66100000
ffffffff9437e7e0
ffff9437
ffffffff9437e7e0
ffffffffb4885a52
0000b488
ffffffffb4885a52
000000007e66d0f0
fffe7e66
000000007e66d0f0
fffffffef203eeb4
fffef203
fffffffef203eeb4
    -524288
fffffff999400000
fffe9940
fffffff999400000
fffffffee0f04e00
fffee0f0
fffffffee0f04e00
ffffffff1a4d0a80
00001a4d
ffffffff1a4d0a80
00000000150b8cf8
fffe150b
00000000150b8cf8
fffffffe77268548
fffe7726
fffffffe77268548
    -524288
fffffff8cc700000
fffdcc70
fffffff8cc700000
fffffffe04b1a9e0
fffe04b1
fffffffe04b1a9e0
fffffffe37551cd2
ffff3755
fffffffe37551cd2
ffffffff4b5d01da
fffd4b5d
ffffffff4b5d01da
fffffffd90811d6a
fffd9081
fffffffd90811d6a
$finish called at time : 1995 ns : File "/home/msfet7/Code/SDUP/min_max_FPGA/min_max_main/min_max_main.srcs/sim_1/new/main_tb.sv" Line 154
